// Jest Snapshot v1, https://goo.gl/fbAQLP

exports[`Home.jsx should render Home.jx 1`] = `ShallowWrapper {}`;
